============================================================================
| ACPYPE: AnteChamber PYthon Parser interfacE v. 2023.10.27 (c) 2025 AWSdS |
============================================================================
DEBUG: CLI: -p nspe_10.top -x nspe_10.crd
DEBUG: Python Version 3.9.18 (main, Sep 11 2023, 08:20:50) 
[Clang 14.0.6 ]
Converting Amber input files to Gromacs ...
DEBUG: prmtop and inpcrd files loaded
DEBUG: basename defined = 'nspe_10'
DEBUG: getCoords done
DEBUG: getABCOEFs done
DEBUG: charge to be balanced: total 0.9999999841
DEBUG: balanceCharges done
DEBUG: Balanced TotalCharge 1.0000000000
DEBUG: PBC = None
DEBUG: getAtoms done
DEBUG: getBonds done
DEBUG: getAngles done
DEBUG: getDihedrals done
==> Writing GROMACS files

==> Disambiguating lower and uppercase atomtypes in GMX top file, even if identical.

DEBUG: writing GRO file
DEBUG: Box size estimated
DEBUG: writing POSRE file
DEBUG: atomTypes 9
DEBUG: GMX atomtypes done
DEBUG: atoms 235
DEBUG: GMX atoms done
DEBUG: bonds 244
DEBUG: GMX bonds done
DEBUG: atomPairs 586
DEBUG: GMX pairs done
DEBUG: angles 426
DEBUG: GMX angles done
DEBUG: setProperDihedralsCoef done
DEBUG: properDihedralsCoefRB 616
DEBUG: properDihedralsAlphaGamma 0
DEBUG: properDihedralsGmx45 693
==> Writing GMX dihedrals for GMX 4.5 and higher.

DEBUG: GMX special proper dihedrals done
DEBUG: improperDihedrals 84
DEBUG: GMX improper dihedrals done
DEBUG: prmtop and inpcrd files parsed
Total time of execution: less than a second
DEBUG: No tmp folder left to be removed
